........................................................................ [  4%]
........................................................................ [  9%]
........................................................................ [ 13%]
................F....................................................... [ 18%]
........................................................................ [ 22%]
........................................................................ [ 27%]
........................................................................ [ 31%]
........................................................................ [ 36%]
........................................................................ [ 40%]
........................................................................ [ 45%]
........................................................................ [ 50%]
........................................................................ [ 54%]
........................................................................ [ 59%]
........................................................................ [ 63%]
........................................................................ [ 68%]
........................................................................ [ 72%]
........................................................................ [ 77%]
........................................................................ [ 81%]
........................................................................ [ 86%]
........................................................................ [ 91%]
........................................................................ [ 95%]
.....................................................................    [100%]
================================== FAILURES ===================================
_______ test_post_init_acceptance_is_not_audited_twice_across_advances ________
tests\test_units_startup_contract.py:287: in test_post_init_acceptance_is_not_audited_twice_across_advances
    project.ok("gate", "approve", "--gate", "gate_constitution", "--comments", "ok")
tests\conftest.py:144: in ok
    assert result.exit_code == 0, f"expected success, got {result}\n{result.stderr}"
E   AssertionError: expected success, got <Result exit=1 ok=False reason='artifact_missing' data={'gate': 'gate_constitution', 'path': '.specify/memory/constitution.md'}>
E     artifact_missing: Cannot approve gate_constitution: .specify/memory/constitution.md does not exist. A gate is an approval of specific content.
E     
E   assert 1 == 0
E    +  where 1 = <Result exit=1 ok=False reason='artifact_missing' data={'gate': 'gate_constitution', 'path': '.specify/memory/constitution.md'}>.exit_code
=========================== short test summary info ===========================
FAILED tests/test_units_startup_contract.py::test_post_init_acceptance_is_not_audited_twice_across_advances
1 failed, 1580 passed in 510.83s (0:08:30)
