........................................................................ [  2%]
........................................................................ [  4%]
........................................................................ [  7%]
........................................................................ [  9%]
........................................................................ [ 11%]
........................................................................ [ 14%]
........................................................................ [ 16%]
........................................................................ [ 19%]
........................................................................ [ 21%]
........................................................................ [ 23%]
........................................................................ [ 26%]
........................................................................ [ 28%]
........................................................................ [ 30%]
........................................................................ [ 33%]
........................................................................ [ 35%]
........................................................................ [ 38%]
........................................................................ [ 40%]
........................................................................ [ 42%]
........................................................................ [ 45%]
........................................................................ [ 47%]
........................................................................ [ 50%]
........................................................................ [ 52%]
........................................................................ [ 54%]
........................................................................ [ 57%]
........................................................................ [ 59%]
........................................................................ [ 61%]
........................................................................ [ 64%]
........................................................................ [ 66%]
........................................................................ [ 69%]
........................................................................ [ 71%]
.........................................F.............................. [ 73%]
........................................................................ [ 76%]
........................................................................ [ 78%]
........................................................................ [ 80%]
........................................................................ [ 83%]
........................................................................ [ 85%]
........................................................................ [ 88%]
........................................................................ [ 90%]
........................................................................ [ 92%]
........................................................................ [ 95%]
........................................................................ [ 97%]
........................................................................ [100%]
================================== FAILURES ===================================
______________________ test_t11_the_legacy_rung_is_gone _______________________
tests\test_units_gate_policy.py:1420: in test_t11_the_legacy_rung_is_gone
    assert "current_feature_id" in source
E   assert 'current_feature_id' in '#!/usr/bin/env python3\n"""SDLE — Spec Driven Lifecycle Engine, deterministic core.\n\nPython 3.11+, standard library... message=exc.message,\n        )\n        return exc.exit_code\n\n\nif __name__ == "__main__":\n    sys.exit(main())\n'
=========================== short test summary info ===========================
FAILED tests/test_units_gate_policy.py::test_t11_the_legacy_rung_is_gone - as...
1 failed, 3023 passed in 2314.48s (0:38:34)
