........................................................................ [  7%]
........................................................................ [ 15%]
........................................................................ [ 23%]
........................................................................ [ 31%]
........................................................................ [ 38%]
........................................................................ [ 46%]
........................................................................ [ 54%]
....F...F............................................................... [ 62%]
........................................................................ [ 69%]
........................................................................ [ 77%]
........................................................................ [ 85%]
........................................................................ [ 93%]
.................................................................        [100%]
================================== FAILURES ===================================
_______________ test_a19_the_unqualified_readme_clause_is_gone ________________
tests\test_units_gate_policy.py:1340: in test_a19_the_unqualified_readme_clause_is_gone
    body = here("README.md")
           ^^^^
E   NameError: name 'here' is not defined
____________ test_a15_no_speckit_name_leaked_into_the_prompt_layer ____________
tests\test_units_gate_policy.py:1470: in test_a15_no_speckit_name_leaked_into_the_prompt_layer
    original = (at_rollback(relative) or "").splitlines()
                ^^^^^^^^^^^
E   NameError: name 'at_rollback' is not defined
=========================== short test summary info ===========================
FAILED tests/test_units_gate_policy.py::test_a19_the_unqualified_readme_clause_is_gone
FAILED tests/test_units_gate_policy.py::test_a15_no_speckit_name_leaked_into_the_prompt_layer
2 failed, 927 passed in 277.07s (0:04:37)
