........................................................................ [  9%]
........................................................................ [ 19%]
........................................................................ [ 29%]
........................................................................ [ 38%]
........................................................................ [ 48%]
....F................................................................... [ 58%]
........................................................................ [ 67%]
........................................................................ [ 77%]
........................................................................ [ 87%]
........................................................................ [ 96%]
.......................                                                  [100%]
================================== FAILURES ===================================
_______ test_only_the_getting_started_guide_teaches_the_install_command _______
tests\test_units_documented_commands.py:151: in test_only_the_getting_started_guide_teaches_the_install_command
    assert teaching == ["docs/GETTING-STARTED.md"], teaching
E   AssertionError: ['docs/GETTING-STARTED.md', 'README.md']
E   assert ['docs/GETTIN..., 'README.md'] == ['docs/GETTING-STARTED.md']
E     
E     Left contains one more item: 'README.md'
E     Use -v to get more diff
=========================== short test summary info ===========================
FAILED tests/test_units_documented_commands.py::test_only_the_getting_started_guide_teaches_the_install_command
1 failed, 742 passed in 225.52s (0:03:45)
